Info: Starting: Create simulation model
Info: qsys-generate E:\FPGA_FILE\AM\AM_NCO.qsys --simulation=VERILOG --allow-mixed-language-simulation --output-directory=E:\FPGA_FILE\AM\AM_NCO\simulation --family="Cyclone IV E" --part=EP4CE10F17C8
Progress: Loading AM/AM_NCO.qsys
Progress: Reading input file
Progress: Adding nco_ii_0 [altera_nco_ii 18.0]
Progress: Parameterizing module nco_ii_0
Progress: Building connections
Progress: Parameterizing connections
Progress: Validating
Progress: Done reading input file
Info: AM_NCO: Generating AM_NCO "AM_NCO" for SIM_VERILOG
Info: nco_ii_0: "AM_NCO" instantiated altera_nco_ii "nco_ii_0"
Info: AM_NCO: Done "AM_NCO" with 2 modules, 32 files
Info: qsys-generate succeeded.
Info: Finished: Create simulation model
Info: Starting: Create Modelsim Project.
Info: sim-script-gen --spd=E:\FPGA_FILE\AM\AM_NCO\AM_NCO.spd --output-directory=E:/FPGA_FILE/AM/AM_NCO/simulation/ --use-relative-paths=true
Info: Doing: ip-make-simscript --spd=E:\FPGA_FILE\AM\AM_NCO\AM_NCO.spd --output-directory=E:/FPGA_FILE/AM/AM_NCO/simulation/ --use-relative-paths=true
Info: Generating the following file(s) for MODELSIM simulator in E:/FPGA_FILE/AM/AM_NCO/simulation/ directory:
Info: 	mentor/msim_setup.tcl
Info: Generating the following file(s) for VCS simulator in E:/FPGA_FILE/AM/AM_NCO/simulation/ directory:
Info: 	synopsys/vcs/vcs_setup.sh
Info: Generating the following file(s) for VCSMX simulator in E:/FPGA_FILE/AM/AM_NCO/simulation/ directory:
Info: 	synopsys/vcsmx/synopsys_sim.setup
Info: 	synopsys/vcsmx/vcsmx_setup.sh
Info: Generating the following file(s) for NCSIM simulator in E:/FPGA_FILE/AM/AM_NCO/simulation/ directory:
Info: 	cadence/cds.lib
Info: 	cadence/hdl.var
Info: 	cadence/ncsim_setup.sh
Info: 	1 .cds.lib files in cadence/cds_libs/ directory
Info: Generating the following file(s) for RIVIERA simulator in E:/FPGA_FILE/AM/AM_NCO/simulation/ directory:
Info: 	aldec/rivierapro_setup.tcl
Info: For information on how to simulate your IP, see the explanatory comments in the simulator-specific subdirectories under E:/FPGA_FILE/AM/AM_NCO/simulation/.
Info: Regenerate these scripts whenever you make any change to any Quartus-generated IP in your project.
Info: Finished: Create Modelsim Project.
Info: Starting: Create block symbol file (.bsf)
Info: qsys-generate E:\FPGA_FILE\AM\AM_NCO.qsys --block-symbol-file --output-directory=E:\FPGA_FILE\AM\AM_NCO --family="Cyclone IV E" --part=EP4CE10F17C8
Progress: Loading AM/AM_NCO.qsys
Progress: Reading input file
Progress: Adding nco_ii_0 [altera_nco_ii 18.0]
Progress: Parameterizing module nco_ii_0
Progress: Building connections
Progress: Parameterizing connections
Progress: Validating
Progress: Done reading input file
Info: qsys-generate succeeded.
Info: Finished: Create block symbol file (.bsf)
Info: 
Info: Starting: Create HDL design files for synthesis
Info: qsys-generate E:\FPGA_FILE\AM\AM_NCO.qsys --synthesis=VERILOG --greybox --output-directory=E:\FPGA_FILE\AM\AM_NCO\synthesis --family="Cyclone IV E" --part=EP4CE10F17C8
Progress: Loading AM/AM_NCO.qsys
Progress: Reading input file
Progress: Adding nco_ii_0 [altera_nco_ii 18.0]
Progress: Parameterizing module nco_ii_0
Progress: Building connections
Progress: Parameterizing connections
Progress: Validating
Progress: Done reading input file
Info: AM_NCO: Generating AM_NCO "AM_NCO" for QUARTUS_SYNTH
Info: nco_ii_0: "AM_NCO" instantiated altera_nco_ii "nco_ii_0"
Info: AM_NCO: Done "AM_NCO" with 2 modules, 19 files
Info: Generating third-party timing and resource estimation model ...
Info: Done generating third-party timing and resource estimation model.
Info: qsys-generate succeeded.
Info: Finished: Create HDL design files for synthesis
