Flow report for AM
Sat May 04 18:15:03 2024
Quartus Prime Version 18.0.0 Build 614 04/24/2018 SJ Standard Edition


---------------------
; Table of Contents ;
---------------------
  1. Legal Notice
  2. Flow Summary
  3. Flow Settings
  4. Flow Non-Default Global Settings
  5. Flow Elapsed Time
  6. Flow OS Summary
  7. Flow Log
  8. Flow Messages
  9. Flow Suppressed Messages



----------------
; Legal Notice ;
----------------
Copyright (C) 2018  Intel Corporation. All rights reserved.
Your use of Intel Corporation's design tools, logic functions 
and other software and tools, and its AMPP partner logic 
functions, and any output files from any of the foregoing 
(including device programming or simulation files), and any 
associated documentation or information are expressly subject 
to the terms and conditions of the Intel Program License 
Subscription Agreement, the Intel Quartus Prime License Agreement,
the Intel FPGA IP License Agreement, or other applicable license
agreement, including, without limitation, that your use is for
the sole purpose of programming logic devices manufactured by
Intel and sold by Intel or its authorized distributors.  Please
refer to the applicable agreement for further details.



+--------------------------------------------------------------------------------------+
; Flow Summary                                                                         ;
+------------------------------------+-------------------------------------------------+
; Flow Status                        ; Successful - Sat May 04 18:15:00 2024           ;
; Quartus Prime Version              ; 18.0.0 Build 614 04/24/2018 SJ Standard Edition ;
; Revision Name                      ; AM                                              ;
; Top-level Entity Name              ; AM                                              ;
; Family                             ; Cyclone IV E                                    ;
; Device                             ; EP4CE10F17C8                                    ;
; Timing Models                      ; Final                                           ;
; Total logic elements               ; 1,404 / 10,320 ( 14 % )                         ;
;     Total combinational functions  ; 785 / 10,320 ( 8 % )                            ;
;     Dedicated logic registers      ; 1,156 / 10,320 ( 11 % )                         ;
; Total registers                    ; 1156                                            ;
; Total pins                         ; 58 / 180 ( 32 % )                               ;
; Total virtual pins                 ; 0                                               ;
; Total memory bits                  ; 110,848 / 423,936 ( 26 % )                      ;
; Embedded Multiplier 9-bit elements ; 2 / 46 ( 4 % )                                  ;
; Total PLLs                         ; 2 / 2 ( 100 % )                                 ;
+------------------------------------+-------------------------------------------------+


+-----------------------------------------+
; Flow Settings                           ;
+-------------------+---------------------+
; Option            ; Setting             ;
+-------------------+---------------------+
; Start date & time ; 05/04/2024 18:14:11 ;
; Main task         ; Compilation         ;
; Revision Name     ; AM                  ;
+-------------------+---------------------+


+-------------------------------------------------------------------------------------------------------------------------------------------------------------------------------------------------------------------------------------------------------------------------------------------------------+
; Flow Non-Default Global Settings                                                                                                                                                                                                                                                                      ;
+-------------------------------------+----------------------------------------------------------------------------------------------------------------------------------------------------------------------------------------------------------------+---------------+-------------+------------------+
; Assignment Name                     ; Value                                                                                                                                                                                                          ; Default Value ; Entity Name ; Section Id       ;
+-------------------------------------+----------------------------------------------------------------------------------------------------------------------------------------------------------------------------------------------------------------+---------------+-------------+------------------+
; COMPILER_SIGNATURE_ID               ; 150241216547252.171481765112552                                                                                                                                                                                ; --            ; --          ; --               ;
; ENABLE_SIGNALTAP                    ; On                                                                                                                                                                                                             ; --            ; --          ; --               ;
; MAX_CORE_JUNCTION_TEMP              ; 85                                                                                                                                                                                                             ; --            ; --          ; --               ;
; MIN_CORE_JUNCTION_TEMP              ; 0                                                                                                                                                                                                              ; --            ; --          ; --               ;
; MISC_FILE                           ; AM_mult.bsf                                                                                                                                                                                                    ; --            ; --          ; --               ;
; MISC_FILE                           ; AM_mult_inst.v                                                                                                                                                                                                 ; --            ; --          ; --               ;
; MISC_FILE                           ; AM_mult_bb.v                                                                                                                                                                                                   ; --            ; --          ; --               ;
; MISC_FILE                           ; AM_mult.inc                                                                                                                                                                                                    ; --            ; --          ; --               ;
; MISC_FILE                           ; AM_mult.cmp                                                                                                                                                                                                    ; --            ; --          ; --               ;
; MISC_FILE                           ; FIFO_ADC2.bsf                                                                                                                                                                                                  ; --            ; --          ; --               ;
; MISC_FILE                           ; FIFO_ADC2_bb.v                                                                                                                                                                                                 ; --            ; --          ; --               ;
; MISC_FILE                           ; FIFO_ADC2.inc                                                                                                                                                                                                  ; --            ; --          ; --               ;
; MISC_FILE                           ; FIFO_ADC2.cmp                                                                                                                                                                                                  ; --            ; --          ; --               ;
; MISC_FILE                           ; FIFO_ADC1.bsf                                                                                                                                                                                                  ; --            ; --          ; --               ;
; MISC_FILE                           ; FIFO_ADC1_inst.v                                                                                                                                                                                               ; --            ; --          ; --               ;
; MISC_FILE                           ; FIFO_ADC1_bb.v                                                                                                                                                                                                 ; --            ; --          ; --               ;
; MISC_FILE                           ; FIFO_ADC1.inc                                                                                                                                                                                                  ; --            ; --          ; --               ;
; MISC_FILE                           ; FIFO_ADC1.cmp                                                                                                                                                                                                  ; --            ; --          ; --               ;
; MISC_FILE                           ; uart_FIFO.bsf                                                                                                                                                                                                  ; --            ; --          ; --               ;
; MISC_FILE                           ; uart_FIFO_inst.v                                                                                                                                                                                               ; --            ; --          ; --               ;
; MISC_FILE                           ; uart_FIFO_bb.v                                                                                                                                                                                                 ; --            ; --          ; --               ;
; MISC_FILE                           ; uart_FIFO.inc                                                                                                                                                                                                  ; --            ; --          ; --               ;
; MISC_FILE                           ; uart_FIFO.cmp                                                                                                                                                                                                  ; --            ; --          ; --               ;
; MISC_FILE                           ; PLL_65M.bsf                                                                                                                                                                                                    ; --            ; --          ; --               ;
; MISC_FILE                           ; PLL_65M_inst.v                                                                                                                                                                                                 ; --            ; --          ; --               ;
; MISC_FILE                           ; PLL_65M_bb.v                                                                                                                                                                                                   ; --            ; --          ; --               ;
; MISC_FILE                           ; PLL_65M.inc                                                                                                                                                                                                    ; --            ; --          ; --               ;
; MISC_FILE                           ; PLL_65M.cmp                                                                                                                                                                                                    ; --            ; --          ; --               ;
; MISC_FILE                           ; PLL_65M.ppf                                                                                                                                                                                                    ; --            ; --          ; --               ;
; MISC_FILE                           ; PLL_250M.bsf                                                                                                                                                                                                   ; --            ; --          ; --               ;
; MISC_FILE                           ; PLL_250M_bb.v                                                                                                                                                                                                  ; --            ; --          ; --               ;
; MISC_FILE                           ; PLL_250M.inc                                                                                                                                                                                                   ; --            ; --          ; --               ;
; MISC_FILE                           ; PLL_250M.cmp                                                                                                                                                                                                   ; --            ; --          ; --               ;
; MISC_FILE                           ; PLL_250M.ppf                                                                                                                                                                                                   ; --            ; --          ; --               ;
; MISC_FILE                           ; AD9226_Normal.bsf                                                                                                                                                                                              ; --            ; --          ; --               ;
; MISC_FILE                           ; AD9226_Normal_inst.v                                                                                                                                                                                           ; --            ; --          ; --               ;
; MISC_FILE                           ; AD9226_Normal_bb.v                                                                                                                                                                                             ; --            ; --          ; --               ;
; MISC_FILE                           ; AD9226_Normal.inc                                                                                                                                                                                              ; --            ; --          ; --               ;
; MISC_FILE                           ; AD9226_Normal.cmp                                                                                                                                                                                              ; --            ; --          ; --               ;
; MISC_FILE                           ; AM_carrier_wave_rom.bsf                                                                                                                                                                                        ; --            ; --          ; --               ;
; MISC_FILE                           ; AM_carrier_wave_rom_bb.v                                                                                                                                                                                       ; --            ; --          ; --               ;
; NOMINAL_CORE_SUPPLY_VOLTAGE         ; 1.2V                                                                                                                                                                                                           ; --            ; --          ; --               ;
; PARTITION_COLOR                     ; -- (Not supported for targeted family)                                                                                                                                                                         ; --            ; --          ; Top              ;
; PARTITION_FITTER_PRESERVATION_LEVEL ; -- (Not supported for targeted family)                                                                                                                                                                         ; --            ; --          ; Top              ;
; PARTITION_NETLIST_TYPE              ; -- (Not supported for targeted family)                                                                                                                                                                         ; --            ; --          ; Top              ;
; PROJECT_OUTPUT_DIRECTORY            ; output_files                                                                                                                                                                                                   ; --            ; --          ; --               ;
; SLD_FILE                            ; db/stp1_auto_stripped.stp                                                                                                                                                                                      ; --            ; --          ; --               ;
; SLD_NODE_CREATOR_ID                 ; 110                                                                                                                                                                                                            ; --            ; --          ; auto_signaltap_0 ;
; SLD_NODE_ENTITY_NAME                ; sld_signaltap                                                                                                                                                                                                  ; --            ; --          ; auto_signaltap_0 ;
; SLD_NODE_PARAMETER_ASSIGNMENT       ; SLD_NODE_INFO=805334528                                                                                                                                                                                        ; --            ; --          ; auto_signaltap_0 ;
; SLD_NODE_PARAMETER_ASSIGNMENT       ; SLD_POWER_UP_TRIGGER=0                                                                                                                                                                                         ; --            ; --          ; auto_signaltap_0 ;
; SLD_NODE_PARAMETER_ASSIGNMENT       ; SLD_STORAGE_QUALIFIER_INVERSION_MASK_LENGTH=0                                                                                                                                                                  ; --            ; --          ; auto_signaltap_0 ;
; SLD_NODE_PARAMETER_ASSIGNMENT       ; SLD_ATTRIBUTE_MEM_MODE=OFF                                                                                                                                                                                     ; --            ; --          ; auto_signaltap_0 ;
; SLD_NODE_PARAMETER_ASSIGNMENT       ; SLD_STATE_FLOW_USE_GENERATED=0                                                                                                                                                                                 ; --            ; --          ; auto_signaltap_0 ;
; SLD_NODE_PARAMETER_ASSIGNMENT       ; SLD_STATE_BITS=11                                                                                                                                                                                              ; --            ; --          ; auto_signaltap_0 ;
; SLD_NODE_PARAMETER_ASSIGNMENT       ; SLD_BUFFER_FULL_STOP=1                                                                                                                                                                                         ; --            ; --          ; auto_signaltap_0 ;
; SLD_NODE_PARAMETER_ASSIGNMENT       ; SLD_CURRENT_RESOURCE_WIDTH=1                                                                                                                                                                                   ; --            ; --          ; auto_signaltap_0 ;
; SLD_NODE_PARAMETER_ASSIGNMENT       ; SLD_INCREMENTAL_ROUTING=1                                                                                                                                                                                      ; --            ; --          ; auto_signaltap_0 ;
; SLD_NODE_PARAMETER_ASSIGNMENT       ; SLD_TRIGGER_LEVEL=1                                                                                                                                                                                            ; --            ; --          ; auto_signaltap_0 ;
; SLD_NODE_PARAMETER_ASSIGNMENT       ; SLD_TRIGGER_IN_ENABLED=0                                                                                                                                                                                       ; --            ; --          ; auto_signaltap_0 ;
; SLD_NODE_PARAMETER_ASSIGNMENT       ; SLD_TRIGGER_PIPELINE=0                                                                                                                                                                                         ; --            ; --          ; auto_signaltap_0 ;
; SLD_NODE_PARAMETER_ASSIGNMENT       ; SLD_RAM_PIPELINE=0                                                                                                                                                                                             ; --            ; --          ; auto_signaltap_0 ;
; SLD_NODE_PARAMETER_ASSIGNMENT       ; SLD_COUNTER_PIPELINE=0                                                                                                                                                                                         ; --            ; --          ; auto_signaltap_0 ;
; SLD_NODE_PARAMETER_ASSIGNMENT       ; SLD_ADVANCED_TRIGGER_ENTITY=basic,1,                                                                                                                                                                           ; --            ; --          ; auto_signaltap_0 ;
; SLD_NODE_PARAMETER_ASSIGNMENT       ; SLD_TRIGGER_LEVEL_PIPELINE=1                                                                                                                                                                                   ; --            ; --          ; auto_signaltap_0 ;
; SLD_NODE_PARAMETER_ASSIGNMENT       ; SLD_ENABLE_ADVANCED_TRIGGER=0                                                                                                                                                                                  ; --            ; --          ; auto_signaltap_0 ;
; SLD_NODE_PARAMETER_ASSIGNMENT       ; SLD_RAM_BLOCK_TYPE=M9K                                                                                                                                                                                         ; --            ; --          ; auto_signaltap_0 ;
; SLD_NODE_PARAMETER_ASSIGNMENT       ; SLD_SEGMENT_SIZE=2048                                                                                                                                                                                          ; --            ; --          ; auto_signaltap_0 ;
; SLD_NODE_PARAMETER_ASSIGNMENT       ; SLD_SAMPLE_DEPTH=2048                                                                                                                                                                                          ; --            ; --          ; auto_signaltap_0 ;
; SLD_NODE_PARAMETER_ASSIGNMENT       ; SLD_DATA_BITS=54                                                                                                                                                                                               ; --            ; --          ; auto_signaltap_0 ;
; SLD_NODE_PARAMETER_ASSIGNMENT       ; SLD_TRIGGER_BITS=54                                                                                                                                                                                            ; --            ; --          ; auto_signaltap_0 ;
; SLD_NODE_PARAMETER_ASSIGNMENT       ; SLD_STORAGE_QUALIFIER_BITS=54                                                                                                                                                                                  ; --            ; --          ; auto_signaltap_0 ;
; SLD_NODE_PARAMETER_ASSIGNMENT       ; SLD_INVERSION_MASK=0000000000000000000000000000000000000000000000000000000000000000000000000000000000000000000000000000000000000000000000000000000000000000000000000000000000000000000000000000000000000000000 ; --            ; --          ; auto_signaltap_0 ;
; SLD_NODE_PARAMETER_ASSIGNMENT       ; SLD_INVERSION_MASK_LENGTH=187                                                                                                                                                                                  ; --            ; --          ; auto_signaltap_0 ;
; USE_SIGNALTAP_FILE                  ; output_files/stp1.stp                                                                                                                                                                                          ; --            ; --          ; --               ;
+-------------------------------------+----------------------------------------------------------------------------------------------------------------------------------------------------------------------------------------------------------------+---------------+-------------+------------------+


+--------------------------------------------------------------------------------------------------------------------------+
; Flow Elapsed Time                                                                                                        ;
+----------------------+--------------+-------------------------+---------------------+------------------------------------+
; Module Name          ; Elapsed Time ; Average Processors Used ; Peak Virtual Memory ; Total CPU Time (on all processors) ;
+----------------------+--------------+-------------------------+---------------------+------------------------------------+
; Analysis & Synthesis ; 00:00:38     ; 1.0                     ; 4926 MB             ; 00:00:12                           ;
; Fitter               ; 00:00:06     ; 1.3                     ; 6529 MB             ; 00:00:03                           ;
; Assembler            ; 00:00:01     ; 1.0                     ; 4679 MB             ; 00:00:00                           ;
; Timing Analyzer      ; 00:00:02     ; 1.5                     ; 4912 MB             ; 00:00:01                           ;
; Total                ; 00:00:47     ; --                      ; --                  ; 00:00:16                           ;
+----------------------+--------------+-------------------------+---------------------+------------------------------------+


+------------------------------------------------------------------------------------+
; Flow OS Summary                                                                    ;
+----------------------+------------------+------------+------------+----------------+
; Module Name          ; Machine Hostname ; OS Name    ; OS Version ; Processor type ;
+----------------------+------------------+------------+------------+----------------+
; Analysis & Synthesis ; LAPTOP-E405GQJH  ; Windows 10 ; 10.0       ; x86_64         ;
; Fitter               ; LAPTOP-E405GQJH  ; Windows 10 ; 10.0       ; x86_64         ;
; Assembler            ; LAPTOP-E405GQJH  ; Windows 10 ; 10.0       ; x86_64         ;
; Timing Analyzer      ; LAPTOP-E405GQJH  ; Windows 10 ; 10.0       ; x86_64         ;
+----------------------+------------------+------------+------------+----------------+


------------
; Flow Log ;
------------
quartus_map --read_settings_files=on --write_settings_files=off AM -c AM
quartus_fit --read_settings_files=off --write_settings_files=off AM -c AM
quartus_asm --read_settings_files=off --write_settings_files=off AM -c AM
quartus_sta AM -c AM



